Archive member included to satisfy reference by file (symbol)

c:/program files (x86)/atmel/studio/7.0/toolchain/avr8/avr8-gnu-toolchain/bin/../lib/gcc/avr/5.4.0/../../../../avr/lib/avr5\libm.a(fixunssfsi.o)
                              HAL/UltraSonic/UltraSonic_Core.o (__fixunssfsi)
c:/program files (x86)/atmel/studio/7.0/toolchain/avr8/avr8-gnu-toolchain/bin/../lib/gcc/avr/5.4.0/../../../../avr/lib/avr5\libm.a(floatsisf.o)
                              HAL/UltraSonic/UltraSonic_Core.o (__floatunsisf)
c:/program files (x86)/atmel/studio/7.0/toolchain/avr8/avr8-gnu-toolchain/bin/../lib/gcc/avr/5.4.0/../../../../avr/lib/avr5\libm.a(fp_split3.o)
                              c:/program files (x86)/atmel/studio/7.0/toolchain/avr8/avr8-gnu-toolchain/bin/../lib/gcc/avr/5.4.0/../../../../avr/lib/avr5\libm.a(fixunssfsi.o) (__fp_splitA)
c:/program files (x86)/atmel/studio/7.0/toolchain/avr8/avr8-gnu-toolchain/bin/../lib/gcc/avr/5.4.0/../../../../avr/lib/avr5\libm.a(fp_zero.o)
                              c:/program files (x86)/atmel/studio/7.0/toolchain/avr8/avr8-gnu-toolchain/bin/../lib/gcc/avr/5.4.0/../../../../avr/lib/avr5\libm.a(fixunssfsi.o) (__fp_zero)
c:/program files (x86)/atmel/studio/7.0/toolchain/avr8/avr8-gnu-toolchain/bin/../lib/gcc/avr/5.4.0/../../../../avr/lib/avr5\libm.a(mulsf3.o)
                              HAL/UltraSonic/UltraSonic_Core.o (__mulsf3)
c:/program files (x86)/atmel/studio/7.0/toolchain/avr8/avr8-gnu-toolchain/bin/../lib/gcc/avr/5.4.0/../../../../avr/lib/avr5\libm.a(mulsf3x.o)
                              c:/program files (x86)/atmel/studio/7.0/toolchain/avr8/avr8-gnu-toolchain/bin/../lib/gcc/avr/5.4.0/../../../../avr/lib/avr5\libm.a(mulsf3.o) (__mulsf3x)
c:/program files (x86)/atmel/studio/7.0/toolchain/avr8/avr8-gnu-toolchain/bin/../lib/gcc/avr/5.4.0/../../../../avr/lib/avr5\libm.a(fp_inf.o)
                              c:/program files (x86)/atmel/studio/7.0/toolchain/avr8/avr8-gnu-toolchain/bin/../lib/gcc/avr/5.4.0/../../../../avr/lib/avr5\libm.a(mulsf3x.o) (__fp_inf)
c:/program files (x86)/atmel/studio/7.0/toolchain/avr8/avr8-gnu-toolchain/bin/../lib/gcc/avr/5.4.0/../../../../avr/lib/avr5\libm.a(fp_nan.o)
                              c:/program files (x86)/atmel/studio/7.0/toolchain/avr8/avr8-gnu-toolchain/bin/../lib/gcc/avr/5.4.0/../../../../avr/lib/avr5\libm.a(mulsf3x.o) (__fp_nan)
c:/program files (x86)/atmel/studio/7.0/toolchain/avr8/avr8-gnu-toolchain/bin/../lib/gcc/avr/5.4.0/../../../../avr/lib/avr5\libm.a(fp_pscA.o)
                              c:/program files (x86)/atmel/studio/7.0/toolchain/avr8/avr8-gnu-toolchain/bin/../lib/gcc/avr/5.4.0/../../../../avr/lib/avr5\libm.a(mulsf3x.o) (__fp_pscA)
c:/program files (x86)/atmel/studio/7.0/toolchain/avr8/avr8-gnu-toolchain/bin/../lib/gcc/avr/5.4.0/../../../../avr/lib/avr5\libm.a(fp_pscB.o)
                              c:/program files (x86)/atmel/studio/7.0/toolchain/avr8/avr8-gnu-toolchain/bin/../lib/gcc/avr/5.4.0/../../../../avr/lib/avr5\libm.a(mulsf3x.o) (__fp_pscB)
c:/program files (x86)/atmel/studio/7.0/toolchain/avr8/avr8-gnu-toolchain/bin/../lib/gcc/avr/5.4.0/../../../../avr/lib/avr5\libm.a(fp_round.o)
                              c:/program files (x86)/atmel/studio/7.0/toolchain/avr8/avr8-gnu-toolchain/bin/../lib/gcc/avr/5.4.0/../../../../avr/lib/avr5\libm.a(mulsf3.o) (__fp_round)
c:/program files (x86)/atmel/studio/7.0/toolchain/avr8/avr8-gnu-toolchain/bin/../lib/gcc/avr/5.4.0/avr5\libgcc.a(_divmodhi4.o)
                              MCAL/PWM/PWM_Core.o (__divmodhi4)
c:/program files (x86)/atmel/studio/7.0/toolchain/avr8/avr8-gnu-toolchain/bin/../lib/gcc/avr/5.4.0/avr5\libgcc.a(_udivmodsi4.o)
                              HAL/LCD/LCD_Core.o (__udivmodsi4)
c:/program files (x86)/atmel/studio/7.0/toolchain/avr8/avr8-gnu-toolchain/bin/../lib/gcc/avr/5.4.0/avr5\libgcc.a(_divmodsi4.o)
                              HAL/LCD/LCD_Core.o (__divmodsi4)
c:/program files (x86)/atmel/studio/7.0/toolchain/avr8/avr8-gnu-toolchain/bin/../lib/gcc/avr/5.4.0/avr5\libgcc.a(_negsi2.o)
                              c:/program files (x86)/atmel/studio/7.0/toolchain/avr8/avr8-gnu-toolchain/bin/../lib/gcc/avr/5.4.0/avr5\libgcc.a(_divmodsi4.o) (__negsi2)
c:/program files (x86)/atmel/studio/7.0/toolchain/avr8/avr8-gnu-toolchain/bin/../lib/gcc/avr/5.4.0/avr5\libgcc.a(_exit.o)
                              C:/Program Files (x86)/Atmel/Studio/7.0/Packs/atmel/ATmega_DFP/1.7.374/gcc/dev/atmega32/avr5/crtatmega32.o (exit)
c:/program files (x86)/atmel/studio/7.0/toolchain/avr8/avr8-gnu-toolchain/bin/../lib/gcc/avr/5.4.0/avr5\libgcc.a(_copy_data.o)
                              APP/CFGH/HAL_CFG/Keypad_Cfg.o (__do_copy_data)
c:/program files (x86)/atmel/studio/7.0/toolchain/avr8/avr8-gnu-toolchain/bin/../lib/gcc/avr/5.4.0/avr5\libgcc.a(_clear_bss.o)
                              MCAL/GPT/GPT_Core.o (__do_clear_bss)
c:/program files (x86)/atmel/studio/7.0/toolchain/avr8/avr8-gnu-toolchain/bin/../lib/gcc/avr/5.4.0/avr5\libgcc.a(_udivmodhi4.o)
                              c:/program files (x86)/atmel/studio/7.0/toolchain/avr8/avr8-gnu-toolchain/bin/../lib/gcc/avr/5.4.0/avr5\libgcc.a(_divmodhi4.o) (__udivmodhi4)

Allocating common symbols
Common symbol       size              file

TIMER1_Number_OVRflows_g
                    0x4               MCAL/IRQH/IRQH_Core.o
UART_RECEIVED_DATA  0x7               MCAL/UART/UART_CORE.o
UART_TRASMITE_DATA  0x7               MCAL/UART/UART_CORE.o

Discarded input sections

 .data          0x00000000        0x0 C:/Program Files (x86)/Atmel/Studio/7.0/Packs/atmel/ATmega_DFP/1.7.374/gcc/dev/atmega32/avr5/crtatmega32.o
 .bss           0x00000000        0x0 C:/Program Files (x86)/Atmel/Studio/7.0/Packs/atmel/ATmega_DFP/1.7.374/gcc/dev/atmega32/avr5/crtatmega32.o
 .text          0x00000000        0x0 APP/CFGH/HAL_CFG/Keypad_Cfg.o
 .data          0x00000000        0x0 APP/CFGH/HAL_CFG/Keypad_Cfg.o
 .bss           0x00000000        0x0 APP/CFGH/HAL_CFG/Keypad_Cfg.o
 .rodata.Keypad_Values
                0x00000000       0x10 APP/CFGH/HAL_CFG/Keypad_Cfg.o
 .debug_info    0x00000000       0x9a APP/CFGH/HAL_CFG/Keypad_Cfg.o
 .debug_abbrev  0x00000000       0x52 APP/CFGH/HAL_CFG/Keypad_Cfg.o
 .debug_aranges
                0x00000000       0x18 APP/CFGH/HAL_CFG/Keypad_Cfg.o
 .debug_line    0x00000000       0x4e APP/CFGH/HAL_CFG/Keypad_Cfg.o
 .debug_str     0x00000000      0x17e APP/CFGH/HAL_CFG/Keypad_Cfg.o
 .comment       0x00000000       0x31 APP/CFGH/HAL_CFG/Keypad_Cfg.o
 .text          0x00000000        0x0 APP/CFGH/HAL_CFG/LCD_CFG.o
 .data          0x00000000        0x0 APP/CFGH/HAL_CFG/LCD_CFG.o
 .bss           0x00000000        0x0 APP/CFGH/HAL_CFG/LCD_CFG.o
 .rodata.LCD_CUSTOM_CHARACTERS_g
                0x00000000       0x40 APP/CFGH/HAL_CFG/LCD_CFG.o
 .debug_info    0x00000000       0x9a APP/CFGH/HAL_CFG/LCD_CFG.o
 .debug_abbrev  0x00000000       0x52 APP/CFGH/HAL_CFG/LCD_CFG.o
 .debug_aranges
                0x00000000       0x18 APP/CFGH/HAL_CFG/LCD_CFG.o
 .debug_line    0x00000000       0x4b APP/CFGH/HAL_CFG/LCD_CFG.o
 .debug_str     0x00000000      0x185 APP/CFGH/HAL_CFG/LCD_CFG.o
 .comment       0x00000000       0x31 APP/CFGH/HAL_CFG/LCD_CFG.o
 .text          0x00000000        0x0 APP/CFGH/MCAL_CFG/PORT_LCfg.o
 .data          0x00000000        0x0 APP/CFGH/MCAL_CFG/PORT_LCfg.o
 .bss           0x00000000        0x0 APP/CFGH/MCAL_CFG/PORT_LCfg.o
 .text          0x00000000        0x0 APP/MAIN/main.o
 .data          0x00000000        0x0 APP/MAIN/main.o
 .bss           0x00000000        0x0 APP/MAIN/main.o
 .text          0x00000000        0x0 HAL/Button/Button_Core.o
 .data          0x00000000        0x0 HAL/Button/Button_Core.o
 .bss           0x00000000        0x0 HAL/Button/Button_Core.o
 .text.Button_Init
                0x00000000        0x8 HAL/Button/Button_Core.o
 .text.Button_GetValue
                0x00000000       0x2c HAL/Button/Button_Core.o
 .debug_info    0x00000000      0x151 HAL/Button/Button_Core.o
 .debug_abbrev  0x00000000       0xe0 HAL/Button/Button_Core.o
 .debug_loc     0x00000000       0x91 HAL/Button/Button_Core.o
 .debug_aranges
                0x00000000       0x28 HAL/Button/Button_Core.o
 .debug_ranges  0x00000000       0x18 HAL/Button/Button_Core.o
 .debug_line    0x00000000      0x167 HAL/Button/Button_Core.o
 .debug_str     0x00000000      0x1f8 HAL/Button/Button_Core.o
 .comment       0x00000000       0x31 HAL/Button/Button_Core.o
 .debug_frame   0x00000000       0x34 HAL/Button/Button_Core.o
 .text          0x00000000        0x0 HAL/DC Motor/DcMotor_Core.o
 .data          0x00000000        0x0 HAL/DC Motor/DcMotor_Core.o
 .bss           0x00000000        0x0 HAL/DC Motor/DcMotor_Core.o
 .text.DcMotor_Init
                0x00000000        0x6 HAL/DC Motor/DcMotor_Core.o
 .text.DcMotor_SetSpeed
                0x00000000        0x6 HAL/DC Motor/DcMotor_Core.o
 .text.DcMotor_SetDirection
                0x00000000       0x2e HAL/DC Motor/DcMotor_Core.o
 .text.DcMotor_Stop
                0x00000000       0x12 HAL/DC Motor/DcMotor_Core.o
 .debug_info    0x00000000      0x1d9 HAL/DC Motor/DcMotor_Core.o
 .debug_abbrev  0x00000000       0xbf HAL/DC Motor/DcMotor_Core.o
 .debug_loc     0x00000000       0x5b HAL/DC Motor/DcMotor_Core.o
 .debug_aranges
                0x00000000       0x38 HAL/DC Motor/DcMotor_Core.o
 .debug_ranges  0x00000000       0x28 HAL/DC Motor/DcMotor_Core.o
 .debug_line    0x00000000       0xff HAL/DC Motor/DcMotor_Core.o
 .debug_str     0x00000000      0x1e4 HAL/DC Motor/DcMotor_Core.o
 .comment       0x00000000       0x31 HAL/DC Motor/DcMotor_Core.o
 .debug_frame   0x00000000       0x54 HAL/DC Motor/DcMotor_Core.o
 .text          0x00000000        0x0 HAL/KeyPad/KeyPad_Core.o
 .data          0x00000000        0x0 HAL/KeyPad/KeyPad_Core.o
 .bss           0x00000000        0x0 HAL/KeyPad/KeyPad_Core.o
 .text.Keypad_Init
                0x00000000       0x22 HAL/KeyPad/KeyPad_Core.o
 .text.Keypad_GetValue
                0x00000000       0x7c HAL/KeyPad/KeyPad_Core.o
 .debug_info    0x00000000      0x295 HAL/KeyPad/KeyPad_Core.o
 .debug_abbrev  0x00000000      0x15e HAL/KeyPad/KeyPad_Core.o
 .debug_loc     0x00000000      0x122 HAL/KeyPad/KeyPad_Core.o
 .debug_aranges
                0x00000000       0x28 HAL/KeyPad/KeyPad_Core.o
 .debug_ranges  0x00000000       0x18 HAL/KeyPad/KeyPad_Core.o
 .debug_line    0x00000000      0x20c HAL/KeyPad/KeyPad_Core.o
 .debug_str     0x00000000      0x259 HAL/KeyPad/KeyPad_Core.o
 .comment       0x00000000       0x31 HAL/KeyPad/KeyPad_Core.o
 .debug_frame   0x00000000       0x44 HAL/KeyPad/KeyPad_Core.o
 .text          0x00000000        0x0 HAL/LCD/LCD_Core.o
 .data          0x00000000        0x0 HAL/LCD/LCD_Core.o
 .bss           0x00000000        0x0 HAL/LCD/LCD_Core.o
 .text.LCD_WriteString
                0x00000000       0x26 HAL/LCD/LCD_Core.o
 .text.LCD_Clear
                0x00000000        0x8 HAL/LCD/LCD_Core.o
 .text.LCD_WriteCustomCharacter
                0x00000000       0x42 HAL/LCD/LCD_Core.o
 .text          0x00000000        0x0 HAL/LED/LED_Core.o
 .data          0x00000000        0x0 HAL/LED/LED_Core.o
 .bss           0x00000000        0x0 HAL/LED/LED_Core.o
 .text.LED_Init
                0x00000000        0x8 HAL/LED/LED_Core.o
 .text.LED_ON   0x00000000        0x8 HAL/LED/LED_Core.o
 .text.LED_OFF  0x00000000        0x8 HAL/LED/LED_Core.o
 .text.LED_Toggle
                0x00000000        0xa HAL/LED/LED_Core.o
 .debug_info    0x00000000       0xc5 HAL/LED/LED_Core.o
 .debug_abbrev  0x00000000       0x46 HAL/LED/LED_Core.o
 .debug_aranges
                0x00000000       0x38 HAL/LED/LED_Core.o
 .debug_ranges  0x00000000       0x28 HAL/LED/LED_Core.o
 .debug_line    0x00000000       0x9b HAL/LED/LED_Core.o
 .debug_str     0x00000000      0x177 HAL/LED/LED_Core.o
 .comment       0x00000000       0x31 HAL/LED/LED_Core.o
 .debug_frame   0x00000000       0x54 HAL/LED/LED_Core.o
 .text          0x00000000        0x0 HAL/SevenSeg/SevSeg_Core.o
 .data          0x00000000        0x0 HAL/SevenSeg/SevSeg_Core.o
 .bss           0x00000000        0x0 HAL/SevenSeg/SevSeg_Core.o
 .text.SevSeg_Init
                0x00000000       0x12 HAL/SevenSeg/SevSeg_Core.o
 .text.SevSeg_Display
                0x00000000       0x64 HAL/SevenSeg/SevSeg_Core.o
 .rodata.Seven_Segment_Values_g
                0x00000000        0xa HAL/SevenSeg/SevSeg_Core.o
 .debug_info    0x00000000      0x1ad HAL/SevenSeg/SevSeg_Core.o
 .debug_abbrev  0x00000000      0x119 HAL/SevenSeg/SevSeg_Core.o
 .debug_loc     0x00000000       0xad HAL/SevenSeg/SevSeg_Core.o
 .debug_aranges
                0x00000000       0x28 HAL/SevenSeg/SevSeg_Core.o
 .debug_ranges  0x00000000       0x18 HAL/SevenSeg/SevSeg_Core.o
 .debug_line    0x00000000      0x17f HAL/SevenSeg/SevSeg_Core.o
 .debug_str     0x00000000      0x213 HAL/SevenSeg/SevSeg_Core.o
 .comment       0x00000000       0x31 HAL/SevenSeg/SevSeg_Core.o
 .debug_frame   0x00000000       0x34 HAL/SevenSeg/SevSeg_Core.o
 .text          0x00000000        0x0 HAL/UltraSonic/UltraSonic_Core.o
 .data          0x00000000        0x0 HAL/UltraSonic/UltraSonic_Core.o
 .bss           0x00000000        0x0 HAL/UltraSonic/UltraSonic_Core.o
 .text          0x00000000        0x0 MCAL/DIO/DIO_Core.o
 .data          0x00000000        0x0 MCAL/DIO/DIO_Core.o
 .bss           0x00000000        0x0 MCAL/DIO/DIO_Core.o
 .text.DIO_ReadChannel
                0x00000000       0x70 MCAL/DIO/DIO_Core.o
 .text.DIO_FlipChannel
                0x00000000       0x82 MCAL/DIO/DIO_Core.o
 .text.DIO_ReadPort
                0x00000000       0x2a MCAL/DIO/DIO_Core.o
 .text          0x00000000        0x0 MCAL/GPT/GPT_Core.o
 .data          0x00000000        0x0 MCAL/GPT/GPT_Core.o
 .bss           0x00000000        0x0 MCAL/GPT/GPT_Core.o
 .text.GPT_SetTime
                0x00000000        0x2 MCAL/GPT/GPT_Core.o
 .text          0x00000000        0x0 MCAL/ICU/ICU_CORE.o
 .data          0x00000000        0x0 MCAL/ICU/ICU_CORE.o
 .bss           0x00000000        0x0 MCAL/ICU/ICU_CORE.o
 .text          0x00000000        0x0 MCAL/IRQH/IRQH_Core.o
 .data          0x00000000        0x0 MCAL/IRQH/IRQH_Core.o
 .bss           0x00000000        0x0 MCAL/IRQH/IRQH_Core.o
 .text.IRQH_SetExternalInterrupts
                0x00000000       0x14 MCAL/IRQH/IRQH_Core.o
 .text.IRQH_SetCallBack
                0x00000000        0xa MCAL/IRQH/IRQH_Core.o
 .bss.GPT_ptr   0x00000000        0x2 MCAL/IRQH/IRQH_Core.o
 .text          0x00000000        0x0 MCAL/PORT/PORT_Core.o
 .data          0x00000000        0x0 MCAL/PORT/PORT_Core.o
 .bss           0x00000000        0x0 MCAL/PORT/PORT_Core.o
 .text          0x00000000        0x0 MCAL/PWM/PWM_Core.o
 .data          0x00000000        0x0 MCAL/PWM/PWM_Core.o
 .bss           0x00000000        0x0 MCAL/PWM/PWM_Core.o
 .text.PWM_Init
                0x00000000       0x2c MCAL/PWM/PWM_Core.o
 .text.PWM0_Generate
                0x00000000       0x18 MCAL/PWM/PWM_Core.o
 .debug_info    0x00000000       0xa9 MCAL/PWM/PWM_Core.o
 .debug_abbrev  0x00000000       0x6d MCAL/PWM/PWM_Core.o
 .debug_loc     0x00000000       0x1e MCAL/PWM/PWM_Core.o
 .debug_aranges
                0x00000000       0x28 MCAL/PWM/PWM_Core.o
 .debug_ranges  0x00000000       0x18 MCAL/PWM/PWM_Core.o
 .debug_line    0x00000000       0x9b MCAL/PWM/PWM_Core.o
 .debug_str     0x00000000      0x177 MCAL/PWM/PWM_Core.o
 .comment       0x00000000       0x31 MCAL/PWM/PWM_Core.o
 .debug_frame   0x00000000       0x34 MCAL/PWM/PWM_Core.o
 .text          0x00000000        0x0 MCAL/STEPMOTOR_CORE/STEPMOTOR_CORE.o
 .data          0x00000000        0x0 MCAL/STEPMOTOR_CORE/STEPMOTOR_CORE.o
 .bss           0x00000000        0x0 MCAL/STEPMOTOR_CORE/STEPMOTOR_CORE.o
 .text          0x00000000        0x0 MCAL/UART/UART_CORE.o
 .data          0x00000000        0x0 MCAL/UART/UART_CORE.o
 .bss           0x00000000        0x0 MCAL/UART/UART_CORE.o
 .text.UART_Init
                0x00000000       0x24 MCAL/UART/UART_CORE.o
 .text.UART_InitTX
                0x00000000        0xe MCAL/UART/UART_CORE.o
 .text.UART_SendData
                0x00000000       0x32 MCAL/UART/UART_CORE.o
 .bss.RX_STATUS_FLAG
                0x00000000        0x1 MCAL/UART/UART_CORE.o
 COMMON         0x00000000        0xe MCAL/UART/UART_CORE.o
 .text          0x00000000        0x0 MCAL/WDT/WDT.o
 .data          0x00000000        0x0 MCAL/WDT/WDT.o
 .bss           0x00000000        0x0 MCAL/WDT/WDT.o
 .text.WDT_ON   0x00000000       0x1a MCAL/WDT/WDT.o
 .text.WDT_OFF  0x00000000        0xa MCAL/WDT/WDT.o
 .text.WDT_REFRESH
                0x00000000        0xa MCAL/WDT/WDT.o
 .debug_info    0x00000000       0xc2 MCAL/WDT/WDT.o
 .debug_abbrev  0x00000000       0x69 MCAL/WDT/WDT.o
 .debug_aranges
                0x00000000       0x30 MCAL/WDT/WDT.o
 .debug_ranges  0x00000000       0x20 MCAL/WDT/WDT.o
 .debug_line    0x00000000       0xa1 MCAL/WDT/WDT.o
 .debug_str     0x00000000      0x16b MCAL/WDT/WDT.o
 .comment       0x00000000       0x31 MCAL/WDT/WDT.o
 .debug_frame   0x00000000       0x44 MCAL/WDT/WDT.o
 .text          0x00000000        0x0 c:/program files (x86)/atmel/studio/7.0/toolchain/avr8/avr8-gnu-toolchain/bin/../lib/gcc/avr/5.4.0/../../../../avr/lib/avr5\libm.a(fixunssfsi.o)
 .data          0x00000000        0x0 c:/program files (x86)/atmel/studio/7.0/toolchain/avr8/avr8-gnu-toolchain/bin/../lib/gcc/avr/5.4.0/../../../../avr/lib/avr5\libm.a(fixunssfsi.o)
 .bss           0x00000000        0x0 c:/program files (x86)/atmel/studio/7.0/toolchain/avr8/avr8-gnu-toolchain/bin/../lib/gcc/avr/5.4.0/../../../../avr/lib/avr5\libm.a(fixunssfsi.o)
 .text          0x00000000        0x0 c:/program files (x86)/atmel/studio/7.0/toolchain/avr8/avr8-gnu-toolchain/bin/../lib/gcc/avr/5.4.0/../../../../avr/lib/avr5\libm.a(floatsisf.o)
 .data          0x00000000        0x0 c:/program files (x86)/atmel/studio/7.0/toolchain/avr8/avr8-gnu-toolchain/bin/../lib/gcc/avr/5.4.0/../../../../avr/lib/avr5\libm.a(floatsisf.o)
 .bss           0x00000000        0x0 c:/program files (x86)/atmel/studio/7.0/toolchain/avr8/avr8-gnu-toolchain/bin/../lib/gcc/avr/5.4.0/../../../../avr/lib/avr5\libm.a(floatsisf.o)
 .text          0x00000000        0x0 c:/program files (x86)/atmel/studio/7.0/toolchain/avr8/avr8-gnu-toolchain/bin/../lib/gcc/avr/5.4.0/../../../../avr/lib/avr5\libm.a(fp_split3.o)
 .data          0x00000000        0x0 c:/program files (x86)/atmel/studio/7.0/toolchain/avr8/avr8-gnu-toolchain/bin/../lib/gcc/avr/5.4.0/../../../../avr/lib/avr5\libm.a(fp_split3.o)
 .bss           0x00000000        0x0 c:/program files (x86)/atmel/studio/7.0/toolchain/avr8/avr8-gnu-toolchain/bin/../lib/gcc/avr/5.4.0/../../../../avr/lib/avr5\libm.a(fp_split3.o)
 .text          0x00000000        0x0 c:/program files (x86)/atmel/studio/7.0/toolchain/avr8/avr8-gnu-toolchain/bin/../lib/gcc/avr/5.4.0/../../../../avr/lib/avr5\libm.a(fp_zero.o)
 .data          0x00000000        0x0 c:/program files (x86)/atmel/studio/7.0/toolchain/avr8/avr8-gnu-toolchain/bin/../lib/gcc/avr/5.4.0/../../../../avr/lib/avr5\libm.a(fp_zero.o)
 .bss           0x00000000        0x0 c:/program files (x86)/atmel/studio/7.0/toolchain/avr8/avr8-gnu-toolchain/bin/../lib/gcc/avr/5.4.0/../../../../avr/lib/avr5\libm.a(fp_zero.o)
 .text          0x00000000        0x0 c:/program files (x86)/atmel/studio/7.0/toolchain/avr8/avr8-gnu-toolchain/bin/../lib/gcc/avr/5.4.0/../../../../avr/lib/avr5\libm.a(mulsf3.o)
 .data          0x00000000        0x0 c:/program files (x86)/atmel/studio/7.0/toolchain/avr8/avr8-gnu-toolchain/bin/../lib/gcc/avr/5.4.0/../../../../avr/lib/avr5\libm.a(mulsf3.o)
 .bss           0x00000000        0x0 c:/program files (x86)/atmel/studio/7.0/toolchain/avr8/avr8-gnu-toolchain/bin/../lib/gcc/avr/5.4.0/../../../../avr/lib/avr5\libm.a(mulsf3.o)
 .text          0x00000000        0x0 c:/program files (x86)/atmel/studio/7.0/toolchain/avr8/avr8-gnu-toolchain/bin/../lib/gcc/avr/5.4.0/../../../../avr/lib/avr5\libm.a(mulsf3x.o)
 .data          0x00000000        0x0 c:/program files (x86)/atmel/studio/7.0/toolchain/avr8/avr8-gnu-toolchain/bin/../lib/gcc/avr/5.4.0/../../../../avr/lib/avr5\libm.a(mulsf3x.o)
 .bss           0x00000000        0x0 c:/program files (x86)/atmel/studio/7.0/toolchain/avr8/avr8-gnu-toolchain/bin/../lib/gcc/avr/5.4.0/../../../../avr/lib/avr5\libm.a(mulsf3x.o)
 .text          0x00000000        0x0 c:/program files (x86)/atmel/studio/7.0/toolchain/avr8/avr8-gnu-toolchain/bin/../lib/gcc/avr/5.4.0/../../../../avr/lib/avr5\libm.a(fp_inf.o)
 .data          0x00000000        0x0 c:/program files (x86)/atmel/studio/7.0/toolchain/avr8/avr8-gnu-toolchain/bin/../lib/gcc/avr/5.4.0/../../../../avr/lib/avr5\libm.a(fp_inf.o)
 .bss           0x00000000        0x0 c:/program files (x86)/atmel/studio/7.0/toolchain/avr8/avr8-gnu-toolchain/bin/../lib/gcc/avr/5.4.0/../../../../avr/lib/avr5\libm.a(fp_inf.o)
 .text          0x00000000        0x0 c:/program files (x86)/atmel/studio/7.0/toolchain/avr8/avr8-gnu-toolchain/bin/../lib/gcc/avr/5.4.0/../../../../avr/lib/avr5\libm.a(fp_nan.o)
 .data          0x00000000        0x0 c:/program files (x86)/atmel/studio/7.0/toolchain/avr8/avr8-gnu-toolchain/bin/../lib/gcc/avr/5.4.0/../../../../avr/lib/avr5\libm.a(fp_nan.o)
 .bss           0x00000000        0x0 c:/program files (x86)/atmel/studio/7.0/toolchain/avr8/avr8-gnu-toolchain/bin/../lib/gcc/avr/5.4.0/../../../../avr/lib/avr5\libm.a(fp_nan.o)
 .text          0x00000000        0x0 c:/program files (x86)/atmel/studio/7.0/toolchain/avr8/avr8-gnu-toolchain/bin/../lib/gcc/avr/5.4.0/../../../../avr/lib/avr5\libm.a(fp_pscA.o)
 .data          0x00000000        0x0 c:/program files (x86)/atmel/studio/7.0/toolchain/avr8/avr8-gnu-toolchain/bin/../lib/gcc/avr/5.4.0/../../../../avr/lib/avr5\libm.a(fp_pscA.o)
 .bss           0x00000000        0x0 c:/program files (x86)/atmel/studio/7.0/toolchain/avr8/avr8-gnu-toolchain/bin/../lib/gcc/avr/5.4.0/../../../../avr/lib/avr5\libm.a(fp_pscA.o)
 .text          0x00000000        0x0 c:/program files (x86)/atmel/studio/7.0/toolchain/avr8/avr8-gnu-toolchain/bin/../lib/gcc/avr/5.4.0/../../../../avr/lib/avr5\libm.a(fp_pscB.o)
 .data          0x00000000        0x0 c:/program files (x86)/atmel/studio/7.0/toolchain/avr8/avr8-gnu-toolchain/bin/../lib/gcc/avr/5.4.0/../../../../avr/lib/avr5\libm.a(fp_pscB.o)
 .bss           0x00000000        0x0 c:/program files (x86)/atmel/studio/7.0/toolchain/avr8/avr8-gnu-toolchain/bin/../lib/gcc/avr/5.4.0/../../../../avr/lib/avr5\libm.a(fp_pscB.o)
 .text          0x00000000        0x0 c:/program files (x86)/atmel/studio/7.0/toolchain/avr8/avr8-gnu-toolchain/bin/../lib/gcc/avr/5.4.0/../../../../avr/lib/avr5\libm.a(fp_round.o)
 .data          0x00000000        0x0 c:/program files (x86)/atmel/studio/7.0/toolchain/avr8/avr8-gnu-toolchain/bin/../lib/gcc/avr/5.4.0/../../../../avr/lib/avr5\libm.a(fp_round.o)
 .bss           0x00000000        0x0 c:/program files (x86)/atmel/studio/7.0/toolchain/avr8/avr8-gnu-toolchain/bin/../lib/gcc/avr/5.4.0/../../../../avr/lib/avr5\libm.a(fp_round.o)
 .text          0x00000000        0x0 c:/program files (x86)/atmel/studio/7.0/toolchain/avr8/avr8-gnu-toolchain/bin/../lib/gcc/avr/5.4.0/avr5\libgcc.a(_divmodhi4.o)
 .data          0x00000000        0x0 c:/program files (x86)/atmel/studio/7.0/toolchain/avr8/avr8-gnu-toolchain/bin/../lib/gcc/avr/5.4.0/avr5\libgcc.a(_divmodhi4.o)
 .bss           0x00000000        0x0 c:/program files (x86)/atmel/studio/7.0/toolchain/avr8/avr8-gnu-toolchain/bin/../lib/gcc/avr/5.4.0/avr5\libgcc.a(_divmodhi4.o)
 .text.libgcc.mul
                0x00000000        0x0 c:/program files (x86)/atmel/studio/7.0/toolchain/avr8/avr8-gnu-toolchain/bin/../lib/gcc/avr/5.4.0/avr5\libgcc.a(_divmodhi4.o)
 .text.libgcc.div
                0x00000000       0x28 c:/program files (x86)/atmel/studio/7.0/toolchain/avr8/avr8-gnu-toolchain/bin/../lib/gcc/avr/5.4.0/avr5\libgcc.a(_divmodhi4.o)
 .text.libgcc   0x00000000        0x0 c:/program files (x86)/atmel/studio/7.0/toolchain/avr8/avr8-gnu-toolchain/bin/../lib/gcc/avr/5.4.0/avr5\libgcc.a(_divmodhi4.o)
 .text.libgcc.prologue
                0x00000000        0x0 c:/program files (x86)/atmel/studio/7.0/toolchain/avr8/avr8-gnu-toolchain/bin/../lib/gcc/avr/5.4.0/avr5\libgcc.a(_divmodhi4.o)
 .text.libgcc.builtins
                0x00000000        0x0 c:/program files (x86)/atmel/studio/7.0/toolchain/avr8/avr8-gnu-toolchain/bin/../lib/gcc/avr/5.4.0/avr5\libgcc.a(_divmodhi4.o)
 .text.libgcc.fmul
                0x00000000        0x0 c:/program files (x86)/atmel/studio/7.0/toolchain/avr8/avr8-gnu-toolchain/bin/../lib/gcc/avr/5.4.0/avr5\libgcc.a(_divmodhi4.o)
 .text.libgcc.fixed
                0x00000000        0x0 c:/program files (x86)/atmel/studio/7.0/toolchain/avr8/avr8-gnu-toolchain/bin/../lib/gcc/avr/5.4.0/avr5\libgcc.a(_divmodhi4.o)
 .text          0x00000000        0x0 c:/program files (x86)/atmel/studio/7.0/toolchain/avr8/avr8-gnu-toolchain/bin/../lib/gcc/avr/5.4.0/avr5\libgcc.a(_udivmodsi4.o)
 .data          0x00000000        0x0 c:/program files (x86)/atmel/studio/7.0/toolchain/avr8/avr8-gnu-toolchain/bin/../lib/gcc/avr/5.4.0/avr5\libgcc.a(_udivmodsi4.o)
 .bss           0x00000000        0x0 c:/program files (x86)/atmel/studio/7.0/toolchain/avr8/avr8-gnu-toolchain/bin/../lib/gcc/avr/5.4.0/avr5\libgcc.a(_udivmodsi4.o)
 .text.libgcc.mul
                0x00000000        0x0 c:/program files (x86)/atmel/studio/7.0/toolchain/avr8/avr8-gnu-toolchain/bin/../lib/gcc/avr/5.4.0/avr5\libgcc.a(_udivmodsi4.o)
 .text.libgcc   0x00000000        0x0 c:/program files (x86)/atmel/studio/7.0/toolchain/avr8/avr8-gnu-toolchain/bin/../lib/gcc/avr/5.4.0/avr5\libgcc.a(_udivmodsi4.o)
 .text.libgcc.prologue
                0x00000000        0x0 c:/program files (x86)/atmel/studio/7.0/toolchain/avr8/avr8-gnu-toolchain/bin/../lib/gcc/avr/5.4.0/avr5\libgcc.a(_udivmodsi4.o)
 .text.libgcc.builtins
                0x00000000        0x0 c:/program files (x86)/atmel/studio/7.0/toolchain/avr8/avr8-gnu-toolchain/bin/../lib/gcc/avr/5.4.0/avr5\libgcc.a(_udivmodsi4.o)
 .text.libgcc.fmul
                0x00000000        0x0 c:/program files (x86)/atmel/studio/7.0/toolchain/avr8/avr8-gnu-toolchain/bin/../lib/gcc/avr/5.4.0/avr5\libgcc.a(_udivmodsi4.o)
 .text.libgcc.fixed
                0x00000000        0x0 c:/program files (x86)/atmel/studio/7.0/toolchain/avr8/avr8-gnu-toolchain/bin/../lib/gcc/avr/5.4.0/avr5\libgcc.a(_udivmodsi4.o)
 .text          0x00000000        0x0 c:/program files (x86)/atmel/studio/7.0/toolchain/avr8/avr8-gnu-toolchain/bin/../lib/gcc/avr/5.4.0/avr5\libgcc.a(_divmodsi4.o)
 .data          0x00000000        0x0 c:/program files (x86)/atmel/studio/7.0/toolchain/avr8/avr8-gnu-toolchain/bin/../lib/gcc/avr/5.4.0/avr5\libgcc.a(_divmodsi4.o)
 .bss           0x00000000        0x0 c:/program files (x86)/atmel/studio/7.0/toolchain/avr8/avr8-gnu-toolchain/bin/../lib/gcc/avr/5.4.0/avr5\libgcc.a(_divmodsi4.o)
 .text.libgcc.mul
                0x00000000        0x0 c:/program files (x86)/atmel/studio/7.0/toolchain/avr8/avr8-gnu-toolchain/bin/../lib/gcc/avr/5.4.0/avr5\libgcc.a(_divmodsi4.o)
 .text.libgcc   0x00000000        0x0 c:/program files (x86)/atmel/studio/7.0/toolchain/avr8/avr8-gnu-toolchain/bin/../lib/gcc/avr/5.4.0/avr5\libgcc.a(_divmodsi4.o)
 .text.libgcc.prologue
                0x00000000        0x0 c:/program files (x86)/atmel/studio/7.0/toolchain/avr8/avr8-gnu-toolchain/bin/../lib/gcc/avr/5.4.0/avr5\libgcc.a(_divmodsi4.o)
 .text.libgcc.builtins
                0x00000000        0x0 c:/program files (x86)/atmel/studio/7.0/toolchain/avr8/avr8-gnu-toolchain/bin/../lib/gcc/avr/5.4.0/avr5\libgcc.a(_divmodsi4.o)
 .text.libgcc.fmul
                0x00000000        0x0 c:/program files (x86)/atmel/studio/7.0/toolchain/avr8/avr8-gnu-toolchain/bin/../lib/gcc/avr/5.4.0/avr5\libgcc.a(_divmodsi4.o)
 .text.libgcc.fixed
                0x00000000        0x0 c:/program files (x86)/atmel/studio/7.0/toolchain/avr8/avr8-gnu-toolchain/bin/../lib/gcc/avr/5.4.0/avr5\libgcc.a(_divmodsi4.o)
 .text          0x00000000        0x0 c:/program files (x86)/atmel/studio/7.0/toolchain/avr8/avr8-gnu-toolchain/bin/../lib/gcc/avr/5.4.0/avr5\libgcc.a(_negsi2.o)
 .data          0x00000000        0x0 c:/program files (x86)/atmel/studio/7.0/toolchain/avr8/avr8-gnu-toolchain/bin/../lib/gcc/avr/5.4.0/avr5\libgcc.a(_negsi2.o)
 .bss           0x00000000        0x0 c:/program files (x86)/atmel/studio/7.0/toolchain/avr8/avr8-gnu-toolchain/bin/../lib/gcc/avr/5.4.0/avr5\libgcc.a(_negsi2.o)
 .text.libgcc.mul
                0x00000000        0x0 c:/program files (x86)/atmel/studio/7.0/toolchain/avr8/avr8-gnu-toolchain/bin/../lib/gcc/avr/5.4.0/avr5\libgcc.a(_negsi2.o)
 .text.libgcc   0x00000000        0x0 c:/program files (x86)/atmel/studio/7.0/toolchain/avr8/avr8-gnu-toolchain/bin/../lib/gcc/avr/5.4.0/avr5\libgcc.a(_negsi2.o)
 .text.libgcc.prologue
                0x00000000        0x0 c:/program files (x86)/atmel/studio/7.0/toolchain/avr8/avr8-gnu-toolchain/bin/../lib/gcc/avr/5.4.0/avr5\libgcc.a(_negsi2.o)
 .text.libgcc.builtins
                0x00000000        0x0 c:/program files (x86)/atmel/studio/7.0/toolchain/avr8/avr8-gnu-toolchain/bin/../lib/gcc/avr/5.4.0/avr5\libgcc.a(_negsi2.o)
 .text.libgcc.fmul
                0x00000000        0x0 c:/program files (x86)/atmel/studio/7.0/toolchain/avr8/avr8-gnu-toolchain/bin/../lib/gcc/avr/5.4.0/avr5\libgcc.a(_negsi2.o)
 .text.libgcc.fixed
                0x00000000        0x0 c:/program files (x86)/atmel/studio/7.0/toolchain/avr8/avr8-gnu-toolchain/bin/../lib/gcc/avr/5.4.0/avr5\libgcc.a(_negsi2.o)
 .text          0x00000000        0x0 c:/program files (x86)/atmel/studio/7.0/toolchain/avr8/avr8-gnu-toolchain/bin/../lib/gcc/avr/5.4.0/avr5\libgcc.a(_exit.o)
 .data          0x00000000        0x0 c:/program files (x86)/atmel/studio/7.0/toolchain/avr8/avr8-gnu-toolchain/bin/../lib/gcc/avr/5.4.0/avr5\libgcc.a(_exit.o)
 .bss           0x00000000        0x0 c:/program files (x86)/atmel/studio/7.0/toolchain/avr8/avr8-gnu-toolchain/bin/../lib/gcc/avr/5.4.0/avr5\libgcc.a(_exit.o)
 .text.libgcc.mul
                0x00000000        0x0 c:/program files (x86)/atmel/studio/7.0/toolchain/avr8/avr8-gnu-toolchain/bin/../lib/gcc/avr/5.4.0/avr5\libgcc.a(_exit.o)
 .text.libgcc.div
                0x00000000        0x0 c:/program files (x86)/atmel/studio/7.0/toolchain/avr8/avr8-gnu-toolchain/bin/../lib/gcc/avr/5.4.0/avr5\libgcc.a(_exit.o)
 .text.libgcc   0x00000000        0x0 c:/program files (x86)/atmel/studio/7.0/toolchain/avr8/avr8-gnu-toolchain/bin/../lib/gcc/avr/5.4.0/avr5\libgcc.a(_exit.o)
 .text.libgcc.prologue
                0x00000000        0x0 c:/program files (x86)/atmel/studio/7.0/toolchain/avr8/avr8-gnu-toolchain/bin/../lib/gcc/avr/5.4.0/avr5\libgcc.a(_exit.o)
 .text.libgcc.builtins
                0x00000000        0x0 c:/program files (x86)/atmel/studio/7.0/toolchain/avr8/avr8-gnu-toolchain/bin/../lib/gcc/avr/5.4.0/avr5\libgcc.a(_exit.o)
 .text.libgcc.fmul
                0x00000000        0x0 c:/program files (x86)/atmel/studio/7.0/toolchain/avr8/avr8-gnu-toolchain/bin/../lib/gcc/avr/5.4.0/avr5\libgcc.a(_exit.o)
 .text.libgcc.fixed
                0x00000000        0x0 c:/program files (x86)/atmel/studio/7.0/toolchain/avr8/avr8-gnu-toolchain/bin/../lib/gcc/avr/5.4.0/avr5\libgcc.a(_exit.o)
 .text          0x00000000        0x0 c:/program files (x86)/atmel/studio/7.0/toolchain/avr8/avr8-gnu-toolchain/bin/../lib/gcc/avr/5.4.0/avr5\libgcc.a(_copy_data.o)
 .data          0x00000000        0x0 c:/program files (x86)/atmel/studio/7.0/toolchain/avr8/avr8-gnu-toolchain/bin/../lib/gcc/avr/5.4.0/avr5\libgcc.a(_copy_data.o)
 .bss           0x00000000        0x0 c:/program files (x86)/atmel/studio/7.0/toolchain/avr8/avr8-gnu-toolchain/bin/../lib/gcc/avr/5.4.0/avr5\libgcc.a(_copy_data.o)
 .text.libgcc.mul
                0x00000000        0x0 c:/program files (x86)/atmel/studio/7.0/toolchain/avr8/avr8-gnu-toolchain/bin/../lib/gcc/avr/5.4.0/avr5\libgcc.a(_copy_data.o)
 .text.libgcc.div
                0x00000000        0x0 c:/program files (x86)/atmel/studio/7.0/toolchain/avr8/avr8-gnu-toolchain/bin/../lib/gcc/avr/5.4.0/avr5\libgcc.a(_copy_data.o)
 .text.libgcc   0x00000000        0x0 c:/program files (x86)/atmel/studio/7.0/toolchain/avr8/avr8-gnu-toolchain/bin/../lib/gcc/avr/5.4.0/avr5\libgcc.a(_copy_data.o)
 .text.libgcc.prologue
                0x00000000        0x0 c:/program files (x86)/atmel/studio/7.0/toolchain/avr8/avr8-gnu-toolchain/bin/../lib/gcc/avr/5.4.0/avr5\libgcc.a(_copy_data.o)
 .text.libgcc.builtins
                0x00000000        0x0 c:/program files (x86)/atmel/studio/7.0/toolchain/avr8/avr8-gnu-toolchain/bin/../lib/gcc/avr/5.4.0/avr5\libgcc.a(_copy_data.o)
 .text.libgcc.fmul
                0x00000000        0x0 c:/program files (x86)/atmel/studio/7.0/toolchain/avr8/avr8-gnu-toolchain/bin/../lib/gcc/avr/5.4.0/avr5\libgcc.a(_copy_data.o)
 .text.libgcc.fixed
                0x00000000        0x0 c:/program files (x86)/atmel/studio/7.0/toolchain/avr8/avr8-gnu-toolchain/bin/../lib/gcc/avr/5.4.0/avr5\libgcc.a(_copy_data.o)
 .text          0x00000000        0x0 c:/program files (x86)/atmel/studio/7.0/toolchain/avr8/avr8-gnu-toolchain/bin/../lib/gcc/avr/5.4.0/avr5\libgcc.a(_clear_bss.o)
 .data          0x00000000        0x0 c:/program files (x86)/atmel/studio/7.0/toolchain/avr8/avr8-gnu-toolchain/bin/../lib/gcc/avr/5.4.0/avr5\libgcc.a(_clear_bss.o)
 .bss           0x00000000        0x0 c:/program files (x86)/atmel/studio/7.0/toolchain/avr8/avr8-gnu-toolchain/bin/../lib/gcc/avr/5.4.0/avr5\libgcc.a(_clear_bss.o)
 .text.libgcc.mul
                0x00000000        0x0 c:/program files (x86)/atmel/studio/7.0/toolchain/avr8/avr8-gnu-toolchain/bin/../lib/gcc/avr/5.4.0/avr5\libgcc.a(_clear_bss.o)
 .text.libgcc.div
                0x00000000        0x0 c:/program files (x86)/atmel/studio/7.0/toolchain/avr8/avr8-gnu-toolchain/bin/../lib/gcc/avr/5.4.0/avr5\libgcc.a(_clear_bss.o)
 .text.libgcc   0x00000000        0x0 c:/program files (x86)/atmel/studio/7.0/toolchain/avr8/avr8-gnu-toolchain/bin/../lib/gcc/avr/5.4.0/avr5\libgcc.a(_clear_bss.o)
 .text.libgcc.prologue
                0x00000000        0x0 c:/program files (x86)/atmel/studio/7.0/toolchain/avr8/avr8-gnu-toolchain/bin/../lib/gcc/avr/5.4.0/avr5\libgcc.a(_clear_bss.o)
 .text.libgcc.builtins
                0x00000000        0x0 c:/program files (x86)/atmel/studio/7.0/toolchain/avr8/avr8-gnu-toolchain/bin/../lib/gcc/avr/5.4.0/avr5\libgcc.a(_clear_bss.o)
 .text.libgcc.fmul
                0x00000000        0x0 c:/program files (x86)/atmel/studio/7.0/toolchain/avr8/avr8-gnu-toolchain/bin/../lib/gcc/avr/5.4.0/avr5\libgcc.a(_clear_bss.o)
 .text.libgcc.fixed
                0x00000000        0x0 c:/program files (x86)/atmel/studio/7.0/toolchain/avr8/avr8-gnu-toolchain/bin/../lib/gcc/avr/5.4.0/avr5\libgcc.a(_clear_bss.o)
 .text          0x00000000        0x0 c:/program files (x86)/atmel/studio/7.0/toolchain/avr8/avr8-gnu-toolchain/bin/../lib/gcc/avr/5.4.0/avr5\libgcc.a(_udivmodhi4.o)
 .data          0x00000000        0x0 c:/program files (x86)/atmel/studio/7.0/toolchain/avr8/avr8-gnu-toolchain/bin/../lib/gcc/avr/5.4.0/avr5\libgcc.a(_udivmodhi4.o)
 .bss           0x00000000        0x0 c:/program files (x86)/atmel/studio/7.0/toolchain/avr8/avr8-gnu-toolchain/bin/../lib/gcc/avr/5.4.0/avr5\libgcc.a(_udivmodhi4.o)
 .text.libgcc.mul
                0x00000000        0x0 c:/program files (x86)/atmel/studio/7.0/toolchain/avr8/avr8-gnu-toolchain/bin/../lib/gcc/avr/5.4.0/avr5\libgcc.a(_udivmodhi4.o)
 .text.libgcc.div
                0x00000000       0x28 c:/program files (x86)/atmel/studio/7.0/toolchain/avr8/avr8-gnu-toolchain/bin/../lib/gcc/avr/5.4.0/avr5\libgcc.a(_udivmodhi4.o)
 .text.libgcc   0x00000000        0x0 c:/program files (x86)/atmel/studio/7.0/toolchain/avr8/avr8-gnu-toolchain/bin/../lib/gcc/avr/5.4.0/avr5\libgcc.a(_udivmodhi4.o)
 .text.libgcc.prologue
                0x00000000        0x0 c:/program files (x86)/atmel/studio/7.0/toolchain/avr8/avr8-gnu-toolchain/bin/../lib/gcc/avr/5.4.0/avr5\libgcc.a(_udivmodhi4.o)
 .text.libgcc.builtins
                0x00000000        0x0 c:/program files (x86)/atmel/studio/7.0/toolchain/avr8/avr8-gnu-toolchain/bin/../lib/gcc/avr/5.4.0/avr5\libgcc.a(_udivmodhi4.o)
 .text.libgcc.fmul
                0x00000000        0x0 c:/program files (x86)/atmel/studio/7.0/toolchain/avr8/avr8-gnu-toolchain/bin/../lib/gcc/avr/5.4.0/avr5\libgcc.a(_udivmodhi4.o)
 .text.libgcc.fixed
                0x00000000        0x0 c:/program files (x86)/atmel/studio/7.0/toolchain/avr8/avr8-gnu-toolchain/bin/../lib/gcc/avr/5.4.0/avr5\libgcc.a(_udivmodhi4.o)

Memory Configuration

Name             Origin             Length             Attributes
text             0x00000000         0x00008000         xr
data             0x00800060         0x00000800         rw !x
eeprom           0x00810000         0x00000400         rw !x
fuse             0x00820000         0x00000002         rw !x
lock             0x00830000         0x00000400         rw !x
signature        0x00840000         0x00000400         rw !x
user_signatures  0x00850000         0x00000400         rw !x
*default*        0x00000000         0xffffffff

Linker script and memory map

LOAD C:/Program Files (x86)/Atmel/Studio/7.0/Packs/atmel/ATmega_DFP/1.7.374/gcc/dev/atmega32/avr5/crtatmega32.o
LOAD APP/CFGH/HAL_CFG/Keypad_Cfg.o
LOAD APP/CFGH/HAL_CFG/LCD_CFG.o
LOAD APP/CFGH/MCAL_CFG/PORT_LCfg.o
LOAD APP/MAIN/main.o
LOAD HAL/Button/Button_Core.o
LOAD HAL/DC Motor/DcMotor_Core.o
LOAD HAL/KeyPad/KeyPad_Core.o
LOAD HAL/LCD/LCD_Core.o
LOAD HAL/LED/LED_Core.o
LOAD HAL/SevenSeg/SevSeg_Core.o
LOAD HAL/UltraSonic/UltraSonic_Core.o
LOAD MCAL/DIO/DIO_Core.o
LOAD MCAL/GPT/GPT_Core.o
LOAD MCAL/ICU/ICU_CORE.o
LOAD MCAL/IRQH/IRQH_Core.o
LOAD MCAL/PORT/PORT_Core.o
LOAD MCAL/PWM/PWM_Core.o
LOAD MCAL/STEPMOTOR_CORE/STEPMOTOR_CORE.o
LOAD MCAL/UART/UART_CORE.o
LOAD MCAL/WDT/WDT.o
START GROUP
LOAD c:/program files (x86)/atmel/studio/7.0/toolchain/avr8/avr8-gnu-toolchain/bin/../lib/gcc/avr/5.4.0/../../../../avr/lib/avr5\libm.a
END GROUP
START GROUP
LOAD c:/program files (x86)/atmel/studio/7.0/toolchain/avr8/avr8-gnu-toolchain/bin/../lib/gcc/avr/5.4.0/avr5\libgcc.a
LOAD c:/program files (x86)/atmel/studio/7.0/toolchain/avr8/avr8-gnu-toolchain/bin/../lib/gcc/avr/5.4.0/../../../../avr/lib/avr5\libm.a
LOAD c:/program files (x86)/atmel/studio/7.0/toolchain/avr8/avr8-gnu-toolchain/bin/../lib/gcc/avr/5.4.0/../../../../avr/lib/avr5\libc.a
LOAD C:/Program Files (x86)/Atmel/Studio/7.0/Packs/atmel/ATmega_DFP/1.7.374/gcc/dev/atmega32/avr5\libatmega32.a
END GROUP
                [0x00008000]                __TEXT_REGION_LENGTH__ = DEFINED (__TEXT_REGION_LENGTH__)?__TEXT_REGION_LENGTH__:0x20000
                [0x00000800]                __DATA_REGION_LENGTH__ = DEFINED (__DATA_REGION_LENGTH__)?__DATA_REGION_LENGTH__:0xffa0
                [0x00000400]                __EEPROM_REGION_LENGTH__ = DEFINED (__EEPROM_REGION_LENGTH__)?__EEPROM_REGION_LENGTH__:0x10000
                [0x00000002]                __FUSE_REGION_LENGTH__ = DEFINED (__FUSE_REGION_LENGTH__)?__FUSE_REGION_LENGTH__:0x400
                0x00000400                __LOCK_REGION_LENGTH__ = DEFINED (__LOCK_REGION_LENGTH__)?__LOCK_REGION_LENGTH__:0x400
                0x00000400                __SIGNATURE_REGION_LENGTH__ = DEFINED (__SIGNATURE_REGION_LENGTH__)?__SIGNATURE_REGION_LENGTH__:0x400
                0x00000400                __USER_SIGNATURE_REGION_LENGTH__ = DEFINED (__USER_SIGNATURE_REGION_LENGTH__)?__USER_SIGNATURE_REGION_LENGTH__:0x400

.hash
 *(.hash)

.dynsym
 *(.dynsym)

.dynstr
 *(.dynstr)

.gnu.version
 *(.gnu.version)

.gnu.version_d
 *(.gnu.version_d)

.gnu.version_r
 *(.gnu.version_r)

.rel.init
 *(.rel.init)

.rela.init
 *(.rela.init)

.rel.text
 *(.rel.text)
 *(.rel.text.*)
 *(.rel.gnu.linkonce.t*)

.rela.text
 *(.rela.text)
 *(.rela.text.*)
 *(.rela.gnu.linkonce.t*)

.rel.fini
 *(.rel.fini)

.rela.fini
 *(.rela.fini)

.rel.rodata
 *(.rel.rodata)
 *(.rel.rodata.*)
 *(.rel.gnu.linkonce.r*)

.rela.rodata
 *(.rela.rodata)
 *(.rela.rodata.*)
 *(.rela.gnu.linkonce.r*)

.rel.data
 *(.rel.data)
 *(.rel.data.*)
 *(.rel.gnu.linkonce.d*)

.rela.data
 *(.rela.data)
 *(.rela.data.*)
 *(.rela.gnu.linkonce.d*)

.rel.ctors
 *(.rel.ctors)

.rela.ctors
 *(.rela.ctors)

.rel.dtors
 *(.rel.dtors)

.rela.dtors
 *(.rela.dtors)

.rel.got
 *(.rel.got)

.rela.got
 *(.rela.got)

.rel.bss
 *(.rel.bss)

.rela.bss
 *(.rela.bss)

.rel.plt
 *(.rel.plt)

.rela.plt
 *(.rela.plt)

.text           0x00000000      0xd06
 *(.vectors)
 .vectors       0x00000000       0x54 C:/Program Files (x86)/Atmel/Studio/7.0/Packs/atmel/ATmega_DFP/1.7.374/gcc/dev/atmega32/avr5/crtatmega32.o
                0x00000000                __vector_default
                0x00000000                __vectors
 *(.vectors)
 *(.progmem.gcc*)
                0x00000054                . = ALIGN (0x2)
                0x00000054                __trampolines_start = .
 *(.trampolines)
 .trampolines   0x00000054        0x0 linker stubs
 *(.trampolines*)
                0x00000054                __trampolines_end = .
 *libprintf_flt.a:*(.progmem.data)
 *libc.a:*(.progmem.data)
 *(.progmem*)
                0x00000054                . = ALIGN (0x2)
 *(.jumptables)
 *(.jumptables*)
 *(.lowtext)
 *(.lowtext*)
                0x00000054                __ctors_start = .
 *(.ctors)
                0x00000054                __ctors_end = .
                0x00000054                __dtors_start = .
 *(.dtors)
                0x00000054                __dtors_end = .
 SORT(*)(.ctors)
 SORT(*)(.dtors)
 *(.init0)
 .init0         0x00000054        0x0 C:/Program Files (x86)/Atmel/Studio/7.0/Packs/atmel/ATmega_DFP/1.7.374/gcc/dev/atmega32/avr5/crtatmega32.o
                0x00000054                __init
 *(.init0)
 *(.init1)
 *(.init1)
 *(.init2)
 .init2         0x00000054        0xc C:/Program Files (x86)/Atmel/Studio/7.0/Packs/atmel/ATmega_DFP/1.7.374/gcc/dev/atmega32/avr5/crtatmega32.o
 *(.init2)
 *(.init3)
 *(.init3)
 *(.init4)
 .init4         0x00000060       0x16 c:/program files (x86)/atmel/studio/7.0/toolchain/avr8/avr8-gnu-toolchain/bin/../lib/gcc/avr/5.4.0/avr5\libgcc.a(_copy_data.o)
                0x00000060                __do_copy_data
 .init4         0x00000076       0x10 c:/program files (x86)/atmel/studio/7.0/toolchain/avr8/avr8-gnu-toolchain/bin/../lib/gcc/avr/5.4.0/avr5\libgcc.a(_clear_bss.o)
                0x00000076                __do_clear_bss
 *(.init4)
 *(.init5)
 *(.init5)
 *(.init6)
 *(.init6)
 *(.init7)
 *(.init7)
 *(.init8)
 *(.init8)
 *(.init9)
 .init9         0x00000086        0x8 C:/Program Files (x86)/Atmel/Studio/7.0/Packs/atmel/ATmega_DFP/1.7.374/gcc/dev/atmega32/avr5/crtatmega32.o
 *(.init9)
 *(.text)
 .text          0x0000008e        0x4 C:/Program Files (x86)/Atmel/Studio/7.0/Packs/atmel/ATmega_DFP/1.7.374/gcc/dev/atmega32/avr5/crtatmega32.o
                0x0000008e                __vector_12
                0x0000008e                __bad_interrupt
                0x0000008e                __vector_3
                0x0000008e                __vector_13
                0x0000008e                __vector_17
                0x0000008e                __vector_19
                0x0000008e                __vector_5
                0x0000008e                __vector_4
                0x0000008e                __vector_2
                0x0000008e                __vector_8
                0x0000008e                __vector_14
                0x0000008e                __vector_10
                0x0000008e                __vector_18
                0x0000008e                __vector_20
                0x00000092                . = ALIGN (0x2)
 *(.text.*)
 .text.main     0x00000092       0x44 APP/MAIN/main.o
                0x00000092                main
 .text.LCD_WriteCommand
                0x000000d6       0xbc HAL/LCD/LCD_Core.o
                0x000000d6                LCD_WriteCommand
 .text.LCD_Init
                0x00000192       0x2c HAL/LCD/LCD_Core.o
                0x00000192                LCD_Init
 .text.LCD_WriteChar
                0x000001be       0xbc HAL/LCD/LCD_Core.o
                0x000001be                LCD_WriteChar
 .text.LCD_WiteInteger
                0x0000027a       0xcc HAL/LCD/LCD_Core.o
                0x0000027a                LCD_WiteInteger
 .text.LCD_GoTo
                0x00000346       0x30 HAL/LCD/LCD_Core.o
                0x00000346                LCD_GoTo
 .text.UltraSonic_Trigger
                0x00000376       0x1e HAL/UltraSonic/UltraSonic_Core.o
                0x00000376                UltraSonic_Trigger
 .text.UltraSonic_CalculateDistance
                0x00000394       0x26 HAL/UltraSonic/UltraSonic_Core.o
                0x00000394                UltraSonic_CalculateDistance
 .text.DIO_WriteChannel
                0x000003ba      0x10e MCAL/DIO/DIO_Core.o
                0x000003ba                DIO_WriteChannel
 .text.DIO_WritePort
                0x000004c8       0x26 MCAL/DIO/DIO_Core.o
                0x000004c8                DIO_WritePort
 .text.GPT_Init
                0x000004ee       0x26 MCAL/GPT/GPT_Core.o
                0x000004ee                GPT_Init
 .text.ICU_Intit
                0x00000514       0x12 MCAL/ICU/ICU_CORE.o
                0x00000514                ICU_Intit
 .text.ICU_Capture_timae
                0x00000526       0xaa MCAL/ICU/ICU_CORE.o
                0x00000526                ICU_Capture_timae
 .text.IRQH_SetGlobalInterrupts
                0x000005d0       0x18 MCAL/IRQH/IRQH_Core.o
                0x000005d0                IRQH_SetGlobalInterrupts
 .text.__vector_1
                0x000005e8       0x4e MCAL/IRQH/IRQH_Core.o
                0x000005e8                __vector_1
 .text.__vector_16
                0x00000636       0x14 MCAL/IRQH/IRQH_Core.o
                0x00000636                __vector_16
 .text.__vector_11
                0x0000064a       0x82 MCAL/IRQH/IRQH_Core.o
                0x0000064a                __vector_11
 .text.__vector_7
                0x000006cc       0x4e MCAL/IRQH/IRQH_Core.o
                0x000006cc                __vector_7
 .text.__vector_9
                0x0000071a       0x4a MCAL/IRQH/IRQH_Core.o
                0x0000071a                __vector_9
 .text.__vector_6
                0x00000764       0xea MCAL/IRQH/IRQH_Core.o
                0x00000764                __vector_6
 .text.__vector_15
                0x0000084e       0x28 MCAL/IRQH/IRQH_Core.o
                0x0000084e                __vector_15
 .text.PORT_Init
                0x00000876      0x108 MCAL/PORT/PORT_Core.o
                0x00000876                PORT_Init
 .text.STEPMOTOR
                0x0000097e       0xae MCAL/STEPMOTOR_CORE/STEPMOTOR_CORE.o
                0x0000097e                STEPMOTOR
 .text.avr-libc.fplib
                0x00000a2c       0x5e c:/program files (x86)/atmel/studio/7.0/toolchain/avr8/avr8-gnu-toolchain/bin/../lib/gcc/avr/5.4.0/../../../../avr/lib/avr5\libm.a(fixunssfsi.o)
                0x00000a2c                __fixunssfsi
 .text.avr-libc.fplib
                0x00000a8a       0x7a c:/program files (x86)/atmel/studio/7.0/toolchain/avr8/avr8-gnu-toolchain/bin/../lib/gcc/avr/5.4.0/../../../../avr/lib/avr5\libm.a(floatsisf.o)
                0x00000a8a                __floatunsisf
                0x00000a8e                __floatsisf
 .text.avr-libc.fplib
                0x00000b04       0x44 c:/program files (x86)/atmel/studio/7.0/toolchain/avr8/avr8-gnu-toolchain/bin/../lib/gcc/avr/5.4.0/../../../../avr/lib/avr5\libm.a(fp_split3.o)
                0x00000b04                __fp_split3
                0x00000b14                __fp_splitA
 .text.avr-libc.fplib
                0x00000b48        0xe c:/program files (x86)/atmel/studio/7.0/toolchain/avr8/avr8-gnu-toolchain/bin/../lib/gcc/avr/5.4.0/../../../../avr/lib/avr5\libm.a(fp_zero.o)
                0x00000b48                __fp_zero
                0x00000b4a                __fp_szero
 .text.avr-libc.fplib
                0x00000b56        0x8 c:/program files (x86)/atmel/studio/7.0/toolchain/avr8/avr8-gnu-toolchain/bin/../lib/gcc/avr/5.4.0/../../../../avr/lib/avr5\libm.a(mulsf3.o)
                0x00000b56                __mulsf3
 .text.avr-libc.fplib
                0x00000b5e       0xd2 c:/program files (x86)/atmel/studio/7.0/toolchain/avr8/avr8-gnu-toolchain/bin/../lib/gcc/avr/5.4.0/../../../../avr/lib/avr5\libm.a(mulsf3x.o)
                0x00000b7c                __mulsf3x
                0x00000b82                __mulsf3_pse
 .text.avr-libc.fplib
                0x00000c30        0xc c:/program files (x86)/atmel/studio/7.0/toolchain/avr8/avr8-gnu-toolchain/bin/../lib/gcc/avr/5.4.0/../../../../avr/lib/avr5\libm.a(fp_inf.o)
                0x00000c30                __fp_inf
 .text.avr-libc.fplib
                0x00000c3c        0x6 c:/program files (x86)/atmel/studio/7.0/toolchain/avr8/avr8-gnu-toolchain/bin/../lib/gcc/avr/5.4.0/../../../../avr/lib/avr5\libm.a(fp_nan.o)
                0x00000c3c                __fp_nan
 .text.avr-libc.fplib
                0x00000c42        0xe c:/program files (x86)/atmel/studio/7.0/toolchain/avr8/avr8-gnu-toolchain/bin/../lib/gcc/avr/5.4.0/../../../../avr/lib/avr5\libm.a(fp_pscA.o)
                0x00000c42                __fp_pscA
 .text.avr-libc.fplib
                0x00000c50        0xe c:/program files (x86)/atmel/studio/7.0/toolchain/avr8/avr8-gnu-toolchain/bin/../lib/gcc/avr/5.4.0/../../../../avr/lib/avr5\libm.a(fp_pscB.o)
                0x00000c50                __fp_pscB
 .text.avr-libc.fplib
                0x00000c5e       0x22 c:/program files (x86)/atmel/studio/7.0/toolchain/avr8/avr8-gnu-toolchain/bin/../lib/gcc/avr/5.4.0/../../../../avr/lib/avr5\libm.a(fp_round.o)
                0x00000c5e                __fp_round
 .text.libgcc.div
                0x00000c80       0x44 c:/program files (x86)/atmel/studio/7.0/toolchain/avr8/avr8-gnu-toolchain/bin/../lib/gcc/avr/5.4.0/avr5\libgcc.a(_udivmodsi4.o)
                0x00000c80                __udivmodsi4
 .text.libgcc.div
                0x00000cc4       0x2e c:/program files (x86)/atmel/studio/7.0/toolchain/avr8/avr8-gnu-toolchain/bin/../lib/gcc/avr/5.4.0/avr5\libgcc.a(_divmodsi4.o)
                0x00000cc4                __divmodsi4
 .text.libgcc.div
                0x00000cf2       0x10 c:/program files (x86)/atmel/studio/7.0/toolchain/avr8/avr8-gnu-toolchain/bin/../lib/gcc/avr/5.4.0/avr5\libgcc.a(_negsi2.o)
                0x00000cf2                __negsi2
                0x00000d02                . = ALIGN (0x2)
 *(.fini9)
 .fini9         0x00000d02        0x0 c:/program files (x86)/atmel/studio/7.0/toolchain/avr8/avr8-gnu-toolchain/bin/../lib/gcc/avr/5.4.0/avr5\libgcc.a(_exit.o)
                0x00000d02                _exit
                0x00000d02                exit
 *(.fini9)
 *(.fini8)
 *(.fini8)
 *(.fini7)
 *(.fini7)
 *(.fini6)
 *(.fini6)
 *(.fini5)
 *(.fini5)
 *(.fini4)
 *(.fini4)
 *(.fini3)
 *(.fini3)
 *(.fini2)
 *(.fini2)
 *(.fini1)
 *(.fini1)
 *(.fini0)
 .fini0         0x00000d02        0x4 c:/program files (x86)/atmel/studio/7.0/toolchain/avr8/avr8-gnu-toolchain/bin/../lib/gcc/avr/5.4.0/avr5\libgcc.a(_exit.o)
 *(.fini0)
                0x00000d06                _etext = .

.data           0x00800060       0x28 load address 0x00000d06
                0x00800060                PROVIDE (__data_start, .)
 *(.data)
 *(.data*)
 .data.PORT_Intialization
                0x00800060       0x28 APP/CFGH/MCAL_CFG/PORT_LCfg.o
                0x00800060                PORT_Intialization
 *(.gnu.linkonce.d*)
 *(.rodata)
 *(.rodata*)
 *(.gnu.linkonce.r*)
                0x00800088                . = ALIGN (0x2)
                0x00800088                _edata = .
                0x00800088                PROVIDE (__data_end, .)

.bss            0x00800088       0x21
                0x00800088                PROVIDE (__bss_start, .)
 *(.bss)
 *(.bss*)
 .bss.TIMER0_Init_Value_g
                0x00800088        0x4 MCAL/GPT/GPT_Core.o
                0x00800088                TIMER0_Init_Value_g
 .bss.TIMER0_Number_OVRflows_g
                0x0080008c        0x4 MCAL/GPT/GPT_Core.o
                0x0080008c                TIMER0_Number_OVRflows_g
 .bss.Calculated_Time.1587
                0x00800090        0x4 MCAL/ICU/ICU_CORE.o
 .bss.Capture_Flag_g
                0x00800094        0x4 MCAL/ICU/ICU_CORE.o
                0x00800094                Capture_Flag_g
 .bss.Capture_Readings_2_g
                0x00800098        0x4 MCAL/ICU/ICU_CORE.o
                0x00800098                Capture_Readings_2_g
 .bss.Capture_Readings_1_g
                0x0080009c        0x4 MCAL/ICU/ICU_CORE.o
                0x0080009c                Capture_Readings_1_g
 .bss.OVF_INT_CNT.1657
                0x008000a0        0x1 MCAL/IRQH/IRQH_Core.o
 .bss.ptr       0x008000a1        0x2 MCAL/IRQH/IRQH_Core.o
                0x008000a1                ptr
 .bss.TX_Cnt    0x008000a3        0x1 MCAL/UART/UART_CORE.o
                0x008000a3                TX_Cnt
 .bss.TX_STATUS_FLAG
                0x008000a4        0x1 MCAL/UART/UART_CORE.o
                0x008000a4                TX_STATUS_FLAG
 *(COMMON)
 COMMON         0x008000a5        0x4 MCAL/IRQH/IRQH_Core.o
                0x008000a5                TIMER1_Number_OVRflows_g
                0x008000a9                PROVIDE (__bss_end, .)
                0x00000d06                __data_load_start = LOADADDR (.data)
                0x00000d2e                __data_load_end = (__data_load_start + SIZEOF (.data))

.noinit         0x008000a9        0x0
                [!provide]                PROVIDE (__noinit_start, .)
 *(.noinit*)
                [!provide]                PROVIDE (__noinit_end, .)
                0x008000a9                _end = .
                [!provide]                PROVIDE (__heap_start, .)

.eeprom         0x00810000        0x0
 *(.eeprom*)
                0x00810000                __eeprom_end = .

.fuse
 *(.fuse)
 *(.lfuse)
 *(.hfuse)
 *(.efuse)

.lock
 *(.lock*)

.signature
 *(.signature*)

.user_signatures
 *(.user_signatures*)

.stab
 *(.stab)

.stabstr
 *(.stabstr)

.stab.excl
 *(.stab.excl)

.stab.exclstr
 *(.stab.exclstr)

.stab.index
 *(.stab.index)

.stab.indexstr
 *(.stab.indexstr)

.comment        0x00000000       0x30
 *(.comment)
 .comment       0x00000000       0x30 APP/CFGH/MCAL_CFG/PORT_LCfg.o
                                 0x31 (size before relaxing)
 .comment       0x00000030       0x31 APP/MAIN/main.o
 .comment       0x00000030       0x31 HAL/LCD/LCD_Core.o
 .comment       0x00000030       0x31 HAL/UltraSonic/UltraSonic_Core.o
 .comment       0x00000030       0x31 MCAL/DIO/DIO_Core.o
 .comment       0x00000030       0x31 MCAL/GPT/GPT_Core.o
 .comment       0x00000030       0x31 MCAL/ICU/ICU_CORE.o
 .comment       0x00000030       0x31 MCAL/IRQH/IRQH_Core.o
 .comment       0x00000030       0x31 MCAL/PORT/PORT_Core.o
 .comment       0x00000030       0x31 MCAL/STEPMOTOR_CORE/STEPMOTOR_CORE.o
 .comment       0x00000030       0x31 MCAL/UART/UART_CORE.o

.note.gnu.avr.deviceinfo
                0x00000000       0x3c
 .note.gnu.avr.deviceinfo
                0x00000000       0x3c C:/Program Files (x86)/Atmel/Studio/7.0/Packs/atmel/ATmega_DFP/1.7.374/gcc/dev/atmega32/avr5/crtatmega32.o

.note.gnu.build-id
 *(.note.gnu.build-id)

.debug
 *(.debug)

.line
 *(.line)

.debug_srcinfo
 *(.debug_srcinfo)

.debug_sfnames
 *(.debug_sfnames)

.debug_aranges  0x00000000      0x220
 *(.debug_aranges)
 .debug_aranges
                0x00000000       0x18 APP/CFGH/MCAL_CFG/PORT_LCfg.o
 .debug_aranges
                0x00000018       0x20 APP/MAIN/main.o
 .debug_aranges
                0x00000038       0x58 HAL/LCD/LCD_Core.o
 .debug_aranges
                0x00000090       0x28 HAL/UltraSonic/UltraSonic_Core.o
 .debug_aranges
                0x000000b8       0x40 MCAL/DIO/DIO_Core.o
 .debug_aranges
                0x000000f8       0x28 MCAL/GPT/GPT_Core.o
 .debug_aranges
                0x00000120       0x28 MCAL/ICU/ICU_CORE.o
 .debug_aranges
                0x00000148       0x68 MCAL/IRQH/IRQH_Core.o
 .debug_aranges
                0x000001b0       0x20 MCAL/PORT/PORT_Core.o
 .debug_aranges
                0x000001d0       0x20 MCAL/STEPMOTOR_CORE/STEPMOTOR_CORE.o
 .debug_aranges
                0x000001f0       0x30 MCAL/UART/UART_CORE.o

.debug_pubnames
 *(.debug_pubnames)

.debug_info     0x00000000     0x1d43
 *(.debug_info .gnu.linkonce.wi.*)
 .debug_info    0x00000000      0x4e6 C:/Program Files (x86)/Atmel/Studio/7.0/Packs/atmel/ATmega_DFP/1.7.374/gcc/dev/atmega32/avr5/crtatmega32.o
 .debug_info    0x000004e6       0xba APP/CFGH/MCAL_CFG/PORT_LCfg.o
 .debug_info    0x000005a0      0x1c9 APP/MAIN/main.o
 .debug_info    0x00000769      0x7e7 HAL/LCD/LCD_Core.o
 .debug_info    0x00000f50      0x1c6 HAL/UltraSonic/UltraSonic_Core.o
 .debug_info    0x00001116      0x219 MCAL/DIO/DIO_Core.o
 .debug_info    0x0000132f       0xd9 MCAL/GPT/GPT_Core.o
 .debug_info    0x00001408      0x104 MCAL/ICU/ICU_CORE.o
 .debug_info    0x0000150c      0x263 MCAL/IRQH/IRQH_Core.o
 .debug_info    0x0000176f      0x118 MCAL/PORT/PORT_Core.o
 .debug_info    0x00001887      0x388 MCAL/STEPMOTOR_CORE/STEPMOTOR_CORE.o
 .debug_info    0x00001c0f      0x134 MCAL/UART/UART_CORE.o

.debug_abbrev   0x00000000      0xe22
 *(.debug_abbrev)
 .debug_abbrev  0x00000000      0x4a3 C:/Program Files (x86)/Atmel/Studio/7.0/Packs/atmel/ATmega_DFP/1.7.374/gcc/dev/atmega32/avr5/crtatmega32.o
 .debug_abbrev  0x000004a3       0x76 APP/CFGH/MCAL_CFG/PORT_LCfg.o
 .debug_abbrev  0x00000519       0xa8 APP/MAIN/main.o
 .debug_abbrev  0x000005c1      0x1d5 HAL/LCD/LCD_Core.o
 .debug_abbrev  0x00000796      0x13f HAL/UltraSonic/UltraSonic_Core.o
 .debug_abbrev  0x000008d5       0xd2 MCAL/DIO/DIO_Core.o
 .debug_abbrev  0x000009a7       0x80 MCAL/GPT/GPT_Core.o
 .debug_abbrev  0x00000a27       0x89 MCAL/ICU/ICU_CORE.o
 .debug_abbrev  0x00000ab0      0x12c MCAL/IRQH/IRQH_Core.o
 .debug_abbrev  0x00000bdc       0xb4 MCAL/PORT/PORT_Core.o
 .debug_abbrev  0x00000c90      0x100 MCAL/STEPMOTOR_CORE/STEPMOTOR_CORE.o
 .debug_abbrev  0x00000d90       0x92 MCAL/UART/UART_CORE.o

.debug_line     0x00000000     0x113d
 *(.debug_line .debug_line.* .debug_line_end)
 .debug_line    0x00000000      0x116 C:/Program Files (x86)/Atmel/Studio/7.0/Packs/atmel/ATmega_DFP/1.7.374/gcc/dev/atmega32/avr5/crtatmega32.o
 .debug_line    0x00000116       0x5d APP/CFGH/MCAL_CFG/PORT_LCfg.o
 .debug_line    0x00000173      0x16a APP/MAIN/main.o
 .debug_line    0x000002dd      0x3a0 HAL/LCD/LCD_Core.o
 .debug_line    0x0000067d      0x198 HAL/UltraSonic/UltraSonic_Core.o
 .debug_line    0x00000815      0x226 MCAL/DIO/DIO_Core.o
 .debug_line    0x00000a3b       0x89 MCAL/GPT/GPT_Core.o
 .debug_line    0x00000ac4       0x9b MCAL/ICU/ICU_CORE.o
 .debug_line    0x00000b5f      0x218 MCAL/IRQH/IRQH_Core.o
 .debug_line    0x00000d77      0x11a MCAL/PORT/PORT_Core.o
 .debug_line    0x00000e91      0x1da MCAL/STEPMOTOR_CORE/STEPMOTOR_CORE.o
 .debug_line    0x0000106b       0xd2 MCAL/UART/UART_CORE.o

.debug_frame    0x00000000      0x498
 *(.debug_frame)
 .debug_frame   0x00000000       0x24 APP/MAIN/main.o
 .debug_frame   0x00000024       0xf8 HAL/LCD/LCD_Core.o
 .debug_frame   0x0000011c       0x34 HAL/UltraSonic/UltraSonic_Core.o
 .debug_frame   0x00000150       0x64 MCAL/DIO/DIO_Core.o
 .debug_frame   0x000001b4       0x34 MCAL/GPT/GPT_Core.o
 .debug_frame   0x000001e8       0x34 MCAL/ICU/ICU_CORE.o
 .debug_frame   0x0000021c      0x1f0 MCAL/IRQH/IRQH_Core.o
 .debug_frame   0x0000040c       0x24 MCAL/PORT/PORT_Core.o
 .debug_frame   0x00000430       0x24 MCAL/STEPMOTOR_CORE/STEPMOTOR_CORE.o
 .debug_frame   0x00000454       0x44 MCAL/UART/UART_CORE.o

.debug_str      0x00000000      0x89b
 *(.debug_str)
 .debug_str     0x00000000      0x196 C:/Program Files (x86)/Atmel/Studio/7.0/Packs/atmel/ATmega_DFP/1.7.374/gcc/dev/atmega32/avr5/crtatmega32.o
 .debug_str     0x00000196      0x173 APP/CFGH/MCAL_CFG/PORT_LCfg.o
                                0x19a (size before relaxing)
 .debug_str     0x00000309      0x10d APP/MAIN/main.o
                                0x224 (size before relaxing)
 .debug_str     0x00000416      0x127 HAL/LCD/LCD_Core.o
                                0x2c9 (size before relaxing)
 .debug_str     0x0000053d       0x5a HAL/UltraSonic/UltraSonic_Core.o
                                0x261 (size before relaxing)
 .debug_str     0x00000597       0x8f MCAL/DIO/DIO_Core.o
                                0x1f4 (size before relaxing)
 .debug_str     0x00000626       0x5b MCAL/GPT/GPT_Core.o
                                0x1a9 (size before relaxing)
 .debug_str     0x00000681       0x57 MCAL/ICU/ICU_CORE.o
                                0x1c8 (size before relaxing)
 .debug_str     0x000006d8       0xf5 MCAL/IRQH/IRQH_Core.o
                                0x2eb (size before relaxing)
 .debug_str     0x000007cd       0x19 MCAL/PORT/PORT_Core.o
                                0x199 (size before relaxing)
 .debug_str     0x000007e6       0x32 MCAL/STEPMOTOR_CORE/STEPMOTOR_CORE.o
                                0x1fe (size before relaxing)
 .debug_str     0x00000818       0x83 MCAL/UART/UART_CORE.o
                                0x1e0 (size before relaxing)

.debug_loc      0x00000000     0x132b
 *(.debug_loc)
 .debug_loc     0x00000000       0x36 APP/MAIN/main.o
 .debug_loc     0x00000036      0x4f4 HAL/LCD/LCD_Core.o
 .debug_loc     0x0000052a       0x9c HAL/UltraSonic/UltraSonic_Core.o
 .debug_loc     0x000005c6      0x59b MCAL/DIO/DIO_Core.o
 .debug_loc     0x00000b61      0x3e6 MCAL/IRQH/IRQH_Core.o
 .debug_loc     0x00000f47      0x151 MCAL/PORT/PORT_Core.o
 .debug_loc     0x00001098      0x272 MCAL/STEPMOTOR_CORE/STEPMOTOR_CORE.o
 .debug_loc     0x0000130a       0x21 MCAL/UART/UART_CORE.o

.debug_macinfo
 *(.debug_macinfo)

.debug_weaknames
 *(.debug_weaknames)

.debug_funcnames
 *(.debug_funcnames)

.debug_typenames
 *(.debug_typenames)

.debug_varnames
 *(.debug_varnames)

.debug_pubtypes
 *(.debug_pubtypes)

.debug_ranges   0x00000000      0x168
 *(.debug_ranges)
 .debug_ranges  0x00000000       0x10 APP/MAIN/main.o
 .debug_ranges  0x00000010       0x48 HAL/LCD/LCD_Core.o
 .debug_ranges  0x00000058       0x18 HAL/UltraSonic/UltraSonic_Core.o
 .debug_ranges  0x00000070       0x30 MCAL/DIO/DIO_Core.o
 .debug_ranges  0x000000a0       0x18 MCAL/GPT/GPT_Core.o
 .debug_ranges  0x000000b8       0x18 MCAL/ICU/ICU_CORE.o
 .debug_ranges  0x000000d0       0x58 MCAL/IRQH/IRQH_Core.o
 .debug_ranges  0x00000128       0x10 MCAL/PORT/PORT_Core.o
 .debug_ranges  0x00000138       0x10 MCAL/STEPMOTOR_CORE/STEPMOTOR_CORE.o
 .debug_ranges  0x00000148       0x20 MCAL/UART/UART_CORE.o

.debug_macro
 *(.debug_macro)
OUTPUT(Squad B1 - COTS.elf elf32-avr)
LOAD linker stubs
